{"logTime": "0820/010956", "correlationVector":"7zg8vY1BZ2JG96dx/eeDhl.1","action":"SyncServerConnectionManagerRequest", "result":"SYNC_SERVER_OK", "context":{"environment":"Prod_southeastasia_prod-s01-065-apac-southeastasia", "migrationStage":"NotStarted", "server":"akswtt00300001f"}}
{"logTime": "0820/010956", "correlationVector":"7zg8vY1BZ2JG96dx/eeDhl.2","action":"ProcessGetUpdates", "result":"Done", "context":{"dataType":"Encryption Keys", "deleted":"0", "process_failed_to_decrypt":"0", "process_pending_decryption":"0", "process_success":"1", "total":"1"}}
{"logTime": "0820/010957", "correlationVector":"owcf/TpEhXT1WhxnHfsk3R","action":"SyncServerConnectionManagerRequest", "result":"SYNC_SERVER_OK", "context":{"environment":"", "migrationStage":"", "server":""}}
{"logTime": "0820/010957", "correlationVector":"owcf/TpEhXT1WhxnHfsk3R.0","action":"EncryptionKeysFetcher.DownloadKeys:", "result":"Success", "context":Key count: 2, Last key timestamp: 2026-08-20T00:59:28Z}
{"logTime": "0820/010957", "correlationVector":"owcf/TpEhXT1WhxnHfsk3R.1","action":"EncryptionKeysManager::SetEncryptionKeys:", "result":"Success", "context":Key names[2]:[Xr5f/jQb7t2d9+zHKJemdmz6Hxx0+gsBbglIgGvKKJ00cuDjw1Mc9eN0EPqjX3qgd580S1y6Vn1XZGCJEDWJNA==][lA+bt9msRqUC2M/ezx4Vvkkq/rTgVesPINcNEzOI/m7YigBCWtFsqFg0j7sznTINsboBMl+k45SiXKDjp80xrQ==]}
{"logTime": "0820/010957", "correlationVector":"owcf/TpEhXT1WhxnHfsk3R.2","action":"EncryptionKeysManager::SetEncryptionKeysWithTimestamps:", "result":"Success", "context":Key timestamps[2]:[2025-08-31T01:16:09Z][2026-08-20T00:59:28Z]}
{"logTime": "0820/010957", "correlationVector":"7zg8vY1BZ2JG96dx/eeDhl","action":"Initial GetUpdates", "result":"", "context":Reason: NEW_CLIENT. cV=7zg8vY1BZ2JG96dx/eeDhl}
{"logTime": "0820/010957", "correlationVector":"7zg8vY1BZ2JG96dx/eeDhl.3","action":"GetUpdates Response", "result":"Success", "context":Received 1 update(s). cV=7zg8vY1BZ2JG96dx/eeDhl.0;server=akswtt00300001f;cloudType=Consumer;environment=Prod_southeastasia_prod-s01-065-apac-southeastasia;migrationStage=NotStarted}
{"logTime": "0820/010957", "correlationVector":"+ZdstkUgjp/jzcb11Lfio5","action":"Initial GetUpdates", "result":"", "context":Reason: NEWLY_SUPPORTED_DATATYPE. cV=+ZdstkUgjp/jzcb11Lfio5}
{"logTime": "0820/010957", "correlationVector":"+ZdstkUgjp/jzcb11Lfio5.1","action":"SyncServerConnectionManagerRequest", "result":"SYNC_SERVER_OK", "context":{"environment":"Prod_southeastasia_prod-s01-065-apac-southeastasia", "migrationStage":"NotStarted", "server":"akswtt00300000f"}}
{"logTime": "0820/010957", "correlationVector":"+ZdstkUgjp/jzcb11Lfio5.2","action":"ProcessGetUpdates", "result":"Done", "context":{"dataType":"Device Info", "deleted":"0", "process_failed_to_decrypt":"0", "process_pending_decryption":"0", "process_success":"2", "total":"2"}}
{"logTime": "0820/010957", "correlationVector":"+ZdstkUgjp/jzcb11Lfio5.3","action":"GetUpdates Response", "result":"Success", "context":Received 2 update(s). cV=+ZdstkUgjp/jzcb11Lfio5.0;server=akswtt00300000f;cloudType=Consumer;environment=Prod_southeastasia_prod-s01-065-apac-southeastasia;migrationStage=NotStarted}
{"logTime": "0820/010957", "correlationVector":"fT3VxXf2B1cnk6E8giSqkW","action":"Initial GetUpdates", "result":"", "context":Reason: NEWLY_SUPPORTED_DATATYPE. cV=fT3VxXf2B1cnk6E8giSqkW}
{"logTime": "0820/010958", "correlationVector":"fT3VxXf2B1cnk6E8giSqkW.1","action":"SyncServerConnectionManagerRequest", "result":"SYNC_SERVER_OK", "context":{"environment":"Prod_southeastasia_prod-s01-065-apac-southeastasia", "migrationStage":"NotStarted", "server":"akswtt00300001r"}}
{"logTime": "0820/010958", "correlationVector":"fT3VxXf2B1cnk6E8giSqkW.2","action":"ProcessGetUpdates", "result":"Done", "context":{"dataType":"Bookmarks", "deleted":"0", "process_failed_to_decrypt":"0", "process_pending_decryption":"0", "process_success":"6", "total":"6"}}
{"logTime": "0820/010958", "correlationVector":"fT3VxXf2B1cnk6E8giSqkW.3","action":"ProcessGetUpdates", "result":"Done", "context":{"dataType":"Preferences", "deleted":"0", "process_failed_to_decrypt":"0", "process_pending_decryption":"0", "process_success":"21", "total":"21"}}
{"logTime": "0820/010958", "correlationVector":"fT3VxXf2B1cnk6E8giSqkW.4","action":"ProcessGetUpdates", "result":"Done", "context":{"dataType":"Autofill", "deleted":"0", "process_failed_to_decrypt":"0", "process_pending_decryption":"0", "process_success":"1", "total":"1"}}
{"logTime": "0820/010958", "correlationVector":"fT3VxXf2B1cnk6E8giSqkW.5","action":"ProcessGetUpdates", "result":"Done", "context":{"dataType":"Sessions", "deleted":"0", "process_failed_to_decrypt":"0", "process_pending_decryption":"0", "process_success":"2", "total":"2"}}
{"logTime": "0820/010958", "correlationVector":"fT3VxXf2B1cnk6E8giSqkW.6","action":"ProcessGetUpdates", "result":"Done", "context":{"dataType":"Edge Hub App Usage", "deleted":"0", "process_failed_to_decrypt":"0", "process_pending_decryption":"0", "process_success":"1", "total":"1"}}
{"logTime": "0820/010958", "correlationVector":"fT3VxXf2B1cnk6E8giSqkW.7","action":"GetUpdates Response", "result":"Success", "context":Received 31 update(s). cV=fT3VxXf2B1cnk6E8giSqkW.0;server=akswtt00300001r;cloudType=Consumer;environment=Prod_southeastasia_prod-s01-065-apac-southeastasia;migrationStage=NotStarted}
{"logTime": "0820/010958", "correlationVector":"DdyWt/h1oW2eDTkPdXOJZd","action":"Initial GetUpdates", "result":"", "context":Reason: NEWLY_SUPPORTED_DATATYPE. cV=DdyWt/h1oW2eDTkPdXOJZd}
{"logTime": "0820/010959", "correlationVector":"DdyWt/h1oW2eDTkPdXOJZd.1","action":"SyncServerConnectionManagerRequest", "result":"SYNC_SERVER_OK", "context":{"environment":"Prod_southeastasia_prod-s01-065-apac-southeastasia", "migrationStage":"NotStarted", "server":"akswtt00300000f"}}
{"logTime": "0820/010959", "correlationVector":"DdyWt/h1oW2eDTkPdXOJZd.2","action":"ProcessGetUpdates", "result":"Done", "context":{"dataType":"History", "deleted":"0", "process_failed_to_decrypt":"0", "process_pending_decryption":"0", "process_success":"1", "total":"1"}}
{"logTime": "0820/010959", "correlationVector":"DdyWt/h1oW2eDTkPdXOJZd.3","action":"GetUpdates Response", "result":"Success", "context":Received 1 update(s). cV=DdyWt/h1oW2eDTkPdXOJZd.0;server=akswtt00300000f;cloudType=Consumer;environment=Prod_southeastasia_prod-s01-065-apac-southeastasia;migrationStage=NotStarted}
{"logTime": "0820/010959", "correlationVector":"HjFIFgHTJCoY6aCYRJ18tf","action":"Normal GetUpdate request", "result":"", "context":cV=HjFIFgHTJCoY6aCYRJ18tf
Nudged types: Sessions, Device Info, User Consents
Refresh requested types: Bookmarks, Preferences, Passwords, Autofill Profiles, Autofill, Extensions, Sessions, Extension settings, History Delete Directives, Device Info, User Consents, Send Tab To Self, Web Apps, History, Saved Tab Group, WebAuthn Credentials, Edge E Drop, Edge Hub App Usage, Edge Workspace, Encryption Keys}
{"logTime": "0820/011000", "correlationVector":"HjFIFgHTJCoY6aCYRJ18tf.1","action":"SyncServerConnectionManagerRequest", "result":"SYNC_SERVER_OK", "context":{"environment":"Prod_southeastasia_prod-s01-065-apac-southeastasia", "migrationStage":"NotStarted", "server":"akswtt00300000j"}}
{"logTime": "0820/011000", "correlationVector":"HjFIFgHTJCoY6aCYRJ18tf.2","action":"GetUpdates Response", "result":"Success", "context":Received 0 update(s). cV=HjFIFgHTJCoY6aCYRJ18tf.0;server=akswtt00300000j;cloudType=Consumer;environment=Prod_southeastasia_prod-s01-065-apac-southeastasia;migrationStage=NotStarted}
{"logTime": "0820/011000", "correlationVector":"hRabc5vl8/2tPcmk/IjGGA","action":"DoCompareDataConsistency requsted types: ", "result":"Bookmarks, Preferences, Passwords, Extensions, Extension settings, History Delete Directives, Send Tab To Self, Web Apps, History, Saved Tab Group, WebAuthn Credentials, Edge E Drop, Edge Workspace, Encryption Keys"}
{"logTime": "0820/011000", "correlationVector":"hRabc5vl8/2tPcmk/IjGGA.0","action":"CompareDataConsistency result: ", "result":"Compare result: Encryption Keys is consistent. local entities count is: 1 local entities hash is: CzNtIcHBVPIRAXbWAaQmY8TMGL4="}
{"logTime": "0820/011000", "correlationVector":"hRabc5vl8/2tPcmk/IjGGA.1","action":"CompareDataConsistency result: ", "result":"Compare result: Bookmarks is consistent. local entities count is: 0 local entities hash is: "}
{"logTime": "0820/011000", "correlationVector":"hRabc5vl8/2tPcmk/IjGGA.2","action":"CompareDataConsistency result: ", "result":"Compare result: Preferences is consistent. local entities count is: 21 local entities hash is: c9m2YBLwYU9tUj6L6EtV60Zdvf8="}
{"logTime": "0820/011000", "correlationVector":"hRabc5vl8/2tPcmk/IjGGA.3","action":"CompareDataConsistency result: ", "result":"Compare result: Extensions is consistent. local entities count is: 0 local entities hash is: "}
{"logTime": "0820/011000", "correlationVector":"hRabc5vl8/2tPcmk/IjGGA.4","action":"CompareDataConsistency result: ", "result":"Compare result: Extension settings is consistent. local entities count is: 0 local entities hash is: "}
{"logTime": "0820/011000", "correlationVector":"hRabc5vl8/2tPcmk/IjGGA.5","action":"CompareDataConsistency result: ", "result":"Compare result: History Delete Directives is consistent. local entities count is: 0 local entities hash is: "}
{"logTime": "0820/011000", "correlationVector":"hRabc5vl8/2tPcmk/IjGGA.6","action":"CompareDataConsistency result: ", "result":"Server did not send this Send Tab To Self local entities count is: 0 local entities hash is: "}
{"logTime": "0820/011000", "correlationVector":"hRabc5vl8/2tPcmk/IjGGA.7","action":"CompareDataConsistency result: ", "result":"Compare result: Web Apps is consistent. local entities count is: 0 local entities hash is: "}
{"logTime": "0820/011000", "correlationVector":"hRabc5vl8/2tPcmk/IjGGA.8","action":"CompareDataConsistency result: ", "result":"Server did not send this History local entities count is: 0 local entities hash is: "}
{"logTime": "0820/011000", "correlationVector":"hRabc5vl8/2tPcmk/IjGGA.9","action":"CompareDataConsistency result: ", "result":"Compare result: Saved Tab Group is consistent. local entities count is: 0 local entities hash is: "}
{"logTime": "0820/011000", "correlationVector":"hRabc5vl8/2tPcmk/IjGGA.10","action":"CompareDataConsistency result: ", "result":"Server did not send this WebAuthn Credentials local entities count is: 0 local entities hash is: "}
{"logTime": "0820/011000", "correlationVector":"hRabc5vl8/2tPcmk/IjGGA.11","action":"CompareDataConsistency result: ", "result":"Compare result: Edge E Drop is consistent. local entities count is: 0 local entities hash is: "}
{"logTime": "0820/011000", "correlationVector":"hRabc5vl8/2tPcmk/IjGGA.12","action":"CompareDataConsistency result: ", "result":"Server did not send this Edge Workspace local entities count is: 0 local entities hash is: "}
{"logTime": "0820/011000", "correlationVector":"hRabc5vl8/2tPcmk/IjGGA.13","action":"CompareDataConsistency result: ", "result":"Compare result: Passwords is consistent. local entities count is: 0 local entities hash is: "}
{"logTime": "0820/011000", "correlationVector":"hV0muVeCnz0uWIul7UoGZJ","action":"Commit Request", "result":"", "context":Item count: 4
Contributing types: Sessions, Device Info, User Consents}
{"logTime": "0820/011002", "correlationVector":"hV0muVeCnz0uWIul7UoGZJ.1","action":"SyncServerConnectionManagerRequest", "result":"SYNC_SERVER_OK", "context":{"environment":"Prod_southeastasia_prod-s01-065-apac-southeastasia", "migrationStage":"NotStarted", "server":"akswtt00300000t"}}
{"logTime": "0820/011002", "correlationVector":"hV0muVeCnz0uWIul7UoGZJ.2","action":"Commit Response", "result":"Success", "context":Result: Success. cV=hV0muVeCnz0uWIul7UoGZJ.0;server=akswtt00300000t;cloudType=Consumer;environment=Prod_southeastasia_prod-s01-065-apac-southeastasia;migrationStage=NotStarted}
{"logTime": "0820/011002", "correlationVector":"","action":"DIAGNOSTIC_REQUEST|v1/diagnosticData/Diagnostic.SendCheckResult()|SUCCESS", "result":""}
{"logTime": "0820/011002", "correlationVector":"jcg+ocpGSR8FVbs2qWq2Ih","action":"Commit Request", "result":"", "context":Item count: 2
Contributing types: Sessions, History}
{"logTime": "0820/011004", "correlationVector":"jcg+ocpGSR8FVbs2qWq2Ih.1","action":"SyncServerConnectionManagerRequest", "result":"SYNC_SERVER_OK", "context":{"environment":"Prod_southeastasia_prod-s01-065-apac-southeastasia", "migrationStage":"NotStarted", "server":"akswtt00300000l"}}
{"logTime": "0820/011004", "correlationVector":"jcg+ocpGSR8FVbs2qWq2Ih.2","action":"Commit Response", "result":"Success", "context":Result: Success. cV=jcg+ocpGSR8FVbs2qWq2Ih.0;server=akswtt00300000l;cloudType=Consumer;environment=Prod_southeastasia_prod-s01-065-apac-southeastasia;migrationStage=NotStarted}
{"logTime": "0820/011005", "correlationVector":"ezaZMf9FSM12oQIe1zgxrL","action":"Normal GetUpdate request", "result":"", "context":cV=ezaZMf9FSM12oQIe1zgxrL
Nudged types: Sessions, History
Notified types: History}
{"logTime": "0820/011005", "correlationVector":"ezaZMf9FSM12oQIe1zgxrL.1","action":"SyncServerConnectionManagerRequest", "result":"SYNC_SERVER_OK", "context":{"environment":"Prod_southeastasia_prod-s01-065-apac-southeastasia", "migrationStage":"NotStarted", "server":"akswtt003000013"}}
{"logTime": "0820/011005", "correlationVector":"ezaZMf9FSM12oQIe1zgxrL.2","action":"ProcessGetUpdates", "result":"Done", "context":{"dataType":"Sessions", "deleted":"0", "process_failed_to_decrypt":"0", "process_pending_decryption":"0", "process_success":"3", "total":"3"}}
{"logTime": "0820/011005", "correlationVector":"ezaZMf9FSM12oQIe1zgxrL.3","action":"ProcessGetUpdates", "result":"Done", "context":{"dataType":"Device Info", "deleted":"0", "process_failed_to_decrypt":"0", "process_pending_decryption":"0", "process_success":"1", "total":"1"}}
{"logTime": "0820/011005", "correlationVector":"ezaZMf9FSM12oQIe1zgxrL.4","action":"ProcessGetUpdates", "result":"Done", "context":{"dataType":"History", "deleted":"0", "process_failed_to_decrypt":"0", "process_pending_decryption":"0", "process_success":"2", "total":"2"}}
{"logTime": "0820/011005", "correlationVector":"ezaZMf9FSM12oQIe1zgxrL.5","action":"GetUpdates Response", "result":"Success", "context":Received 6 update(s). cV=ezaZMf9FSM12oQIe1zgxrL.0;server=akswtt003000013;cloudType=Consumer;environment=Prod_southeastasia_prod-s01-065-apac-southeastasia;migrationStage=NotStarted}
{"logTime": "0820/011005", "correlationVector":"+gWpsL+M6inXb5t/XkTPNh","action":"Commit Request", "result":"", "context":Item count: 2
Contributing types: Sessions, History}
{"logTime": "0820/011007", "correlationVector":"+gWpsL+M6inXb5t/XkTPNh.1","action":"SyncServerConnectionManagerRequest", "result":"SYNC_SERVER_OK", "context":{"environment":"Prod_southeastasia_prod-s01-065-apac-southeastasia", "migrationStage":"NotStarted", "server":"akswtt003000008"}}
{"logTime": "0820/011007", "correlationVector":"+gWpsL+M6inXb5t/XkTPNh.2","action":"Commit Response", "result":"Success", "context":Result: Success. cV=+gWpsL+M6inXb5t/XkTPNh.0;server=akswtt003000008;cloudType=Consumer;environment=Prod_southeastasia_prod-s01-065-apac-southeastasia;migrationStage=NotStarted}
{"logTime": "0820/011749", "correlationVector":"OUbVkniWuNuNKX8xgDAcIf.1","action":"SyncServerConnectionManagerRequest", "result":"SYNC_SERVER_OK", "context":{"environment":"Prod_southeastasia_prod-s01-065-apac-southeastasia", "migrationStage":"NotStarted", "server":"akswtt003000002"}}
{"logTime": "0820/011749", "correlationVector":"OUbVkniWuNuNKX8xgDAcIf.2","action":"ProcessGetUpdates", "result":"Done", "context":{"dataType":"Encryption Keys", "deleted":"0", "process_failed_to_decrypt":"0", "process_pending_decryption":"0", "process_success":"1", "total":"1"}}
{"logTime": "0820/011750", "correlationVector":"nPtLUtVUzjYJIbU30iDPqw","action":"SyncServerConnectionManagerRequest", "result":"SYNC_SERVER_OK", "context":{"environment":"", "migrationStage":"", "server":""}}
{"logTime": "0820/011750", "correlationVector":"nPtLUtVUzjYJIbU30iDPqw.0","action":"EncryptionKeysFetcher.DownloadKeys:", "result":"Success", "context":Key count: 2, Last key timestamp: 2026-08-20T00:59:28Z}
{"logTime": "0820/011750", "correlationVector":"nPtLUtVUzjYJIbU30iDPqw.1","action":"EncryptionKeysManager::SetEncryptionKeys:", "result":"Success", "context":Key names[2]:[Xr5f/jQb7t2d9+zHKJemdmz6Hxx0+gsBbglIgGvKKJ00cuDjw1Mc9eN0EPqjX3qgd580S1y6Vn1XZGCJEDWJNA==][lA+bt9msRqUC2M/ezx4Vvkkq/rTgVesPINcNEzOI/m7YigBCWtFsqFg0j7sznTINsboBMl+k45SiXKDjp80xrQ==]}
{"logTime": "0820/011750", "correlationVector":"nPtLUtVUzjYJIbU30iDPqw.2","action":"EncryptionKeysManager::SetEncryptionKeysWithTimestamps:", "result":"Success", "context":Key timestamps[2]:[2025-08-31T01:16:09Z][2026-08-20T00:59:28Z]}
{"logTime": "0820/011750", "correlationVector":"OUbVkniWuNuNKX8xgDAcIf","action":"Initial GetUpdates", "result":"", "context":Reason: NEW_CLIENT. cV=OUbVkniWuNuNKX8xgDAcIf}
{"logTime": "0820/011750", "correlationVector":"OUbVkniWuNuNKX8xgDAcIf.3","action":"GetUpdates Response", "result":"Success", "context":Received 1 update(s). cV=OUbVkniWuNuNKX8xgDAcIf.0;server=akswtt003000002;cloudType=Consumer;environment=Prod_southeastasia_prod-s01-065-apac-southeastasia;migrationStage=NotStarted}
{"logTime": "0820/011750", "correlationVector":"sAC3mhmaZRyzt09xTtQEtv","action":"Normal GetUpdate request", "result":"", "context":cV=sAC3mhmaZRyzt09xTtQEtv
Nudged types: Sessions, History
Refresh requested types: Bookmarks, Preferences, Passwords, Autofill Profiles, Autofill, Extensions, Sessions, Extension settings, History Delete Directives, Device Info, User Consents, Send Tab To Self, Web Apps, History, Saved Tab Group, WebAuthn Credentials, Edge E Drop, Edge Hub App Usage, Edge Workspace, Encryption Keys}
{"logTime": "0820/011751", "correlationVector":"sAC3mhmaZRyzt09xTtQEtv.1","action":"SyncServerConnectionManagerRequest", "result":"SYNC_SERVER_OK", "context":{"environment":"Prod_southeastasia_prod-s01-065-apac-southeastasia", "migrationStage":"NotStarted", "server":"akswtt00300000d"}}
{"logTime": "0820/011751", "correlationVector":"sAC3mhmaZRyzt09xTtQEtv.2","action":"ProcessGetUpdates", "result":"Done", "context":{"dataType":"Sessions", "deleted":"0", "process_failed_to_decrypt":"0", "process_pending_decryption":"0", "process_success":"4", "total":"4"}}
{"logTime": "0820/011751", "correlationVector":"sAC3mhmaZRyzt09xTtQEtv.3","action":"ProcessGetUpdates", "result":"Done", "context":{"dataType":"History", "deleted":"0", "process_failed_to_decrypt":"0", "process_pending_decryption":"0", "process_success":"3", "total":"3"}}
{"logTime": "0820/011751", "correlationVector":"sAC3mhmaZRyzt09xTtQEtv.4","action":"GetUpdates Response", "result":"Success", "context":Received 7 update(s). cV=sAC3mhmaZRyzt09xTtQEtv.0;server=akswtt00300000d;cloudType=Consumer;environment=Prod_southeastasia_prod-s01-065-apac-southeastasia;migrationStage=NotStarted}
{"logTime": "0820/011751", "correlationVector":"GJJ1RQEjodSmDiCKkyUXOy","action":"Commit Request", "result":"", "context":Item count: 1
Contributing types: History}
{"logTime": "0820/011752", "correlationVector":"GJJ1RQEjodSmDiCKkyUXOy.1","action":"SyncServerConnectionManagerRequest", "result":"SYNC_SERVER_OK", "context":{"environment":"Prod_southeastasia_prod-s01-065-apac-southeastasia", "migrationStage":"NotStarted", "server":"akswtt00300001b"}}
{"logTime": "0820/011752", "correlationVector":"GJJ1RQEjodSmDiCKkyUXOy.2","action":"Commit Response", "result":"Success", "context":Result: Success. cV=GJJ1RQEjodSmDiCKkyUXOy.0;server=akswtt00300001b;cloudType=Consumer;environment=Prod_southeastasia_prod-s01-065-apac-southeastasia;migrationStage=NotStarted}
{"logTime": "0820/011852", "correlationVector":"AHKsCZ6CiAyTs8ZR1Y3YTW","action":"Commit Request", "result":"", "context":Item count: 4
Contributing types: Sessions, History}
{"logTime": "0820/011854", "correlationVector":"AHKsCZ6CiAyTs8ZR1Y3YTW.1","action":"SyncServerConnectionManagerRequest", "result":"SYNC_SERVER_OK", "context":{"environment":"Prod_southeastasia_prod-s01-065-apac-southeastasia", "migrationStage":"NotStarted", "server":"akswtt00300001c"}}
{"logTime": "0820/011854", "correlationVector":"AHKsCZ6CiAyTs8ZR1Y3YTW.3","action":"Commit.Sessions", "result":"Success", "context":{"id":"846c8c40-1c6f-4667-a2f6-54961156a69c", "isDeleted":"true", "size":"0", "version":"1787188511029"}}
{"logTime": "0820/011854", "correlationVector":"AHKsCZ6CiAyTs8ZR1Y3YTW.2","action":"Commit Response", "result":"Success", "context":Result: Success. cV=AHKsCZ6CiAyTs8ZR1Y3YTW.0;server=akswtt00300001c;cloudType=Consumer;environment=Prod_southeastasia_prod-s01-065-apac-southeastasia;migrationStage=NotStarted}
{"logTime": "0820/012015", "correlationVector":"3WXhR/ovAshraFv/ZvXEcm","action":"Commit Request", "result":"", "context":Item count: 3
Contributing types: Sessions, History}
{"logTime": "0820/012017", "correlationVector":"3WXhR/ovAshraFv/ZvXEcm.1","action":"SyncServerConnectionManagerRequest", "result":"SYNC_SERVER_OK", "context":{"environment":"Prod_southeastasia_prod-s01-065-apac-southeastasia", "migrationStage":"NotStarted", "server":"akswtt003000016"}}
{"logTime": "0820/012017", "correlationVector":"3WXhR/ovAshraFv/ZvXEcm.2","action":"Commit Response", "result":"Success", "context":Result: Success. cV=3WXhR/ovAshraFv/ZvXEcm.0;server=akswtt003000016;cloudType=Consumer;environment=Prod_southeastasia_prod-s01-065-apac-southeastasia;migrationStage=NotStarted}
{"logTime": "0820/012140", "correlationVector":"NZdSX1eaBDPMx9KOkQ4yhL","action":"Commit Request", "result":"", "context":Item count: 3
Contributing types: Sessions, History}
{"logTime": "0820/012141", "correlationVector":"NZdSX1eaBDPMx9KOkQ4yhL.1","action":"SyncServerConnectionManagerRequest", "result":"SYNC_SERVER_OK", "context":{"environment":"Prod_southeastasia_prod-s01-065-apac-southeastasia", "migrationStage":"NotStarted", "server":"akswtt00300001p"}}
{"logTime": "0820/012141", "correlationVector":"NZdSX1eaBDPMx9KOkQ4yhL.2","action":"Commit Response", "result":"Success", "context":Result: Success. cV=NZdSX1eaBDPMx9KOkQ4yhL.0;server=akswtt00300001p;cloudType=Consumer;environment=Prod_southeastasia_prod-s01-065-apac-southeastasia;migrationStage=NotStarted}
{"logTime": "0820/012458", "correlationVector":"S/AJrKQwOBHzGdGomrkant.1","action":"SyncServerConnectionManagerRequest", "result":"SYNC_SERVER_OK", "context":{"environment":"Prod_southeastasia_prod-s01-065-apac-southeastasia", "migrationStage":"NotStarted", "server":"akswtt00300000j"}}
{"logTime": "0820/012458", "correlationVector":"S/AJrKQwOBHzGdGomrkant.2","action":"ProcessGetUpdates", "result":"Done", "context":{"dataType":"Encryption Keys", "deleted":"0", "process_failed_to_decrypt":"0", "process_pending_decryption":"0", "process_success":"1", "total":"1"}}
{"logTime": "0820/012459", "correlationVector":"u3uwBpDpc/eeWvld8dKTbH","action":"SyncServerConnectionManagerRequest", "result":"SYNC_SERVER_OK", "context":{"environment":"", "migrationStage":"", "server":""}}
{"logTime": "0820/012459", "correlationVector":"u3uwBpDpc/eeWvld8dKTbH.0","action":"EncryptionKeysFetcher.DownloadKeys:", "result":"Success", "context":Key count: 2, Last key timestamp: 2026-08-20T00:59:28Z}
{"logTime": "0820/012459", "correlationVector":"u3uwBpDpc/eeWvld8dKTbH.1","action":"EncryptionKeysManager::SetEncryptionKeys:", "result":"Success", "context":Key names[2]:[Xr5f/jQb7t2d9+zHKJemdmz6Hxx0+gsBbglIgGvKKJ00cuDjw1Mc9eN0EPqjX3qgd580S1y6Vn1XZGCJEDWJNA==][lA+bt9msRqUC2M/ezx4Vvkkq/rTgVesPINcNEzOI/m7YigBCWtFsqFg0j7sznTINsboBMl+k45SiXKDjp80xrQ==]}
{"logTime": "0820/012459", "correlationVector":"u3uwBpDpc/eeWvld8dKTbH.2","action":"EncryptionKeysManager::SetEncryptionKeysWithTimestamps:", "result":"Success", "context":Key timestamps[2]:[2025-08-31T01:16:09Z][2026-08-20T00:59:28Z]}
{"logTime": "0820/012459", "correlationVector":"S/AJrKQwOBHzGdGomrkant","action":"Initial GetUpdates", "result":"", "context":Reason: NEW_CLIENT. cV=S/AJrKQwOBHzGdGomrkant}
{"logTime": "0820/012459", "correlationVector":"S/AJrKQwOBHzGdGomrkant.3","action":"GetUpdates Response", "result":"Success", "context":Received 1 update(s). cV=S/AJrKQwOBHzGdGomrkant.0;server=akswtt00300000j;cloudType=Consumer;environment=Prod_southeastasia_prod-s01-065-apac-southeastasia;migrationStage=NotStarted}
{"logTime": "0820/012459", "correlationVector":"86mNpkq6LdhBs5CbIJ/aWa","action":"Initial GetUpdates", "result":"", "context":Reason: NEWLY_SUPPORTED_DATATYPE. cV=86mNpkq6LdhBs5CbIJ/aWa}
{"logTime": "0820/012500", "correlationVector":"86mNpkq6LdhBs5CbIJ/aWa.1","action":"SyncServerConnectionManagerRequest", "result":"SYNC_SERVER_OK", "context":{"environment":"Prod_southeastasia_prod-s01-064-apac-southeastasia", "migrationStage":"NotStarted", "server":"akswtt00300000r"}}
{"logTime": "0820/012500", "correlationVector":"86mNpkq6LdhBs5CbIJ/aWa.2","action":"ProcessGetUpdates", "result":"Done", "context":{"dataType":"Device Info", "deleted":"0", "process_failed_to_decrypt":"0", "process_pending_decryption":"0", "process_success":"3", "total":"3"}}
{"logTime": "0820/012500", "correlationVector":"86mNpkq6LdhBs5CbIJ/aWa.3","action":"GetUpdates Response", "result":"Success", "context":Received 3 update(s). cV=86mNpkq6LdhBs5CbIJ/aWa.0;server=akswtt00300000r;cloudType=Consumer;environment=Prod_southeastasia_prod-s01-064-apac-southeastasia;migrationStage=NotStarted}
{"logTime": "0820/012500", "correlationVector":"HazLMWAellMqMvmt+w1KzQ","action":"Initial GetUpdates", "result":"", "context":Reason: NEWLY_SUPPORTED_DATATYPE. cV=HazLMWAellMqMvmt+w1KzQ}
{"logTime": "0820/012500", "correlationVector":"HazLMWAellMqMvmt+w1KzQ.1","action":"SyncServerConnectionManagerRequest", "result":"SYNC_SERVER_OK", "context":{"environment":"Prod_southeastasia_prod-s01-064-apac-southeastasia", "migrationStage":"NotStarted", "server":"akswtt003000010"}}
{"logTime": "0820/012500", "correlationVector":"HazLMWAellMqMvmt+w1KzQ.2","action":"ProcessGetUpdates", "result":"Done", "context":{"dataType":"Bookmarks", "deleted":"0", "process_failed_to_decrypt":"0", "process_pending_decryption":"0", "process_success":"6", "total":"6"}}
{"logTime": "0820/012500", "correlationVector":"HazLMWAellMqMvmt+w1KzQ.3","action":"ProcessGetUpdates", "result":"Done", "context":{"dataType":"Preferences", "deleted":"0", "process_failed_to_decrypt":"0", "process_pending_decryption":"0", "process_success":"21", "total":"21"}}
{"logTime": "0820/012500", "correlationVector":"HazLMWAellMqMvmt+w1KzQ.4","action":"ProcessGetUpdates", "result":"Done", "context":{"dataType":"Autofill", "deleted":"0", "process_failed_to_decrypt":"0", "process_pending_decryption":"0", "process_success":"1", "total":"1"}}
{"logTime": "0820/012500", "correlationVector":"HazLMWAellMqMvmt+w1KzQ.5","action":"ProcessGetUpdates", "result":"Done", "context":{"dataType":"Sessions", "deleted":"1", "process_failed_to_decrypt":"0", "process_pending_decryption":"0", "process_success":"5", "total":"5"}}
{"logTime": "0820/012500", "correlationVector":"HazLMWAellMqMvmt+w1KzQ.6","action":"ProcessGetUpdates", "result":"Done", "context":{"dataType":"Edge Hub App Usage", "deleted":"0", "process_failed_to_decrypt":"0", "process_pending_decryption":"0", "process_success":"1", "total":"1"}}
{"logTime": "0820/012500", "correlationVector":"HazLMWAellMqMvmt+w1KzQ.7","action":"GetUpdates Response", "result":"Success", "context":Received 34 update(s). cV=HazLMWAellMqMvmt+w1KzQ.0;server=akswtt003000010;cloudType=Consumer;environment=Prod_southeastasia_prod-s01-064-apac-southeastasia;migrationStage=NotStarted}
{"logTime": "0820/012500", "correlationVector":"DWYJ67EmK05JiOKDiyAb0C","action":"Initial GetUpdates", "result":"", "context":Reason: NEWLY_SUPPORTED_DATATYPE. cV=DWYJ67EmK05JiOKDiyAb0C}
{"logTime": "0820/012501", "correlationVector":"DWYJ67EmK05JiOKDiyAb0C.1","action":"SyncServerConnectionManagerRequest", "result":"SYNC_SERVER_OK", "context":{"environment":"Prod_southeastasia_prod-s01-064-apac-southeastasia", "migrationStage":"NotStarted", "server":"akswtt00300000u"}}
{"logTime": "0820/012501", "correlationVector":"DWYJ67EmK05JiOKDiyAb0C.2","action":"ProcessGetUpdates", "result":"Done", "context":{"dataType":"History", "deleted":"0", "process_failed_to_decrypt":"0", "process_pending_decryption":"0", "process_success":"7", "total":"7"}}
{"logTime": "0820/012501", "correlationVector":"DWYJ67EmK05JiOKDiyAb0C.3","action":"GetUpdates Response", "result":"Success", "context":Received 7 update(s). cV=DWYJ67EmK05JiOKDiyAb0C.0;server=akswtt00300000u;cloudType=Consumer;environment=Prod_southeastasia_prod-s01-064-apac-southeastasia;migrationStage=NotStarted}
{"logTime": "0820/012501", "correlationVector":"XqFZhVpyBpJdH6hfXY4NDB","action":"Normal GetUpdate request", "result":"", "context":cV=XqFZhVpyBpJdH6hfXY4NDB
Nudged types: Sessions, Device Info
Refresh requested types: Bookmarks, Preferences, Passwords, Autofill Profiles, Autofill, Extensions, Sessions, Extension settings, History Delete Directives, Device Info, User Consents, Send Tab To Self, Web Apps, History, Saved Tab Group, WebAuthn Credentials, Edge E Drop, Edge Hub App Usage, Edge Workspace, Encryption Keys}
{"logTime": "0820/012502", "correlationVector":"XqFZhVpyBpJdH6hfXY4NDB.1","action":"SyncServerConnectionManagerRequest", "result":"SYNC_SERVER_OK", "context":{"environment":"Prod_southeastasia_prod-s01-064-apac-southeastasia", "migrationStage":"NotStarted", "server":"akswtt003000004"}}
{"logTime": "0820/012502", "correlationVector":"XqFZhVpyBpJdH6hfXY4NDB.2","action":"GetUpdates Response", "result":"Success", "context":Received 0 update(s). cV=XqFZhVpyBpJdH6hfXY4NDB.0;server=akswtt003000004;cloudType=Consumer;environment=Prod_southeastasia_prod-s01-064-apac-southeastasia;migrationStage=NotStarted}
{"logTime": "0820/012502", "correlationVector":"OoyN/leSbnvcOfqNq5K1Mn","action":"Commit Request", "result":"", "context":Item count: 4
Contributing types: Sessions, Device Info, History}
{"logTime": "0820/012504", "correlationVector":"OoyN/leSbnvcOfqNq5K1Mn.1","action":"SyncServerConnectionManagerRequest", "result":"SYNC_SERVER_OK", "context":{"environment":"Prod_southeastasia_prod-s01-064-apac-southeastasia", "migrationStage":"NotStarted", "server":"akswtt003000018"}}
{"logTime": "0820/012504", "correlationVector":"OoyN/leSbnvcOfqNq5K1Mn.2","action":"Commit Response", "result":"Success", "context":Result: Success. cV=OoyN/leSbnvcOfqNq5K1Mn.0;server=akswtt003000018;cloudType=Consumer;environment=Prod_southeastasia_prod-s01-064-apac-southeastasia;migrationStage=NotStarted}
{"logTime": "0820/012605", "correlationVector":"5+XZ/q+CK7KNYWldJf88Ve","action":"Commit Request", "result":"", "context":Item count: 2
Contributing types: Sessions, History}
{"logTime": "0820/012606", "correlationVector":"5+XZ/q+CK7KNYWldJf88Ve.1","action":"SyncServerConnectionManagerRequest", "result":"SYNC_SERVER_OK", "context":{"environment":"Prod_southeastasia_prod-s01-065-apac-southeastasia", "migrationStage":"NotStarted", "server":"akswtt00300001r"}}
{"logTime": "0820/012606", "correlationVector":"5+XZ/q+CK7KNYWldJf88Ve.2","action":"Commit Response", "result":"Success", "context":Result: Success. cV=5+XZ/q+CK7KNYWldJf88Ve.0;server=akswtt00300001r;cloudType=Consumer;environment=Prod_southeastasia_prod-s01-065-apac-southeastasia;migrationStage=NotStarted}
{"logTime": "0820/012839", "correlationVector":"1rrPEJJy2ORP/fkLGd4vyv.1","action":"SyncServerConnectionManagerRequest", "result":"SYNC_SERVER_OK", "context":{"environment":"Prod_southeastasia_prod-s01-064-apac-southeastasia", "migrationStage":"NotStarted", "server":"akswtt003000009"}}
{"logTime": "0820/012839", "correlationVector":"1rrPEJJy2ORP/fkLGd4vyv.2","action":"ProcessGetUpdates", "result":"Done", "context":{"dataType":"Encryption Keys", "deleted":"0", "process_failed_to_decrypt":"0", "process_pending_decryption":"0", "process_success":"1", "total":"1"}}
{"logTime": "0820/012840", "correlationVector":"snT6fFQfCAD9pm4pdWY5B0","action":"SyncServerConnectionManagerRequest", "result":"SYNC_SERVER_OK", "context":{"environment":"", "migrationStage":"", "server":""}}
{"logTime": "0820/012840", "correlationVector":"snT6fFQfCAD9pm4pdWY5B0.0","action":"EncryptionKeysFetcher.DownloadKeys:", "result":"Success", "context":Key count: 2, Last key timestamp: 2026-08-20T00:59:28Z}
{"logTime": "0820/012840", "correlationVector":"snT6fFQfCAD9pm4pdWY5B0.1","action":"EncryptionKeysManager::SetEncryptionKeys:", "result":"Success", "context":Key names[2]:[Xr5f/jQb7t2d9+zHKJemdmz6Hxx0+gsBbglIgGvKKJ00cuDjw1Mc9eN0EPqjX3qgd580S1y6Vn1XZGCJEDWJNA==][lA+bt9msRqUC2M/ezx4Vvkkq/rTgVesPINcNEzOI/m7YigBCWtFsqFg0j7sznTINsboBMl+k45SiXKDjp80xrQ==]}
{"logTime": "0820/012840", "correlationVector":"snT6fFQfCAD9pm4pdWY5B0.2","action":"EncryptionKeysManager::SetEncryptionKeysWithTimestamps:", "result":"Success", "context":Key timestamps[2]:[2025-08-31T01:16:09Z][2026-08-20T00:59:28Z]}
{"logTime": "0820/012840", "correlationVector":"1rrPEJJy2ORP/fkLGd4vyv","action":"Initial GetUpdates", "result":"", "context":Reason: NEW_CLIENT. cV=1rrPEJJy2ORP/fkLGd4vyv}
{"logTime": "0820/012840", "correlationVector":"1rrPEJJy2ORP/fkLGd4vyv.3","action":"GetUpdates Response", "result":"Success", "context":Received 1 update(s). cV=1rrPEJJy2ORP/fkLGd4vyv.0;server=akswtt003000009;cloudType=Consumer;environment=Prod_southeastasia_prod-s01-064-apac-southeastasia;migrationStage=NotStarted}
{"logTime": "0820/012840", "correlationVector":"dHkVBagSYinjSnqktXBaFl","action":"Normal GetUpdate request", "result":"", "context":cV=dHkVBagSYinjSnqktXBaFl
Nudged types: Sessions, History
Refresh requested types: Bookmarks, Preferences, Passwords, Autofill Profiles, Autofill, Extensions, Sessions, Extension settings, History Delete Directives, Device Info, User Consents, Send Tab To Self, Web Apps, History, Saved Tab Group, WebAuthn Credentials, Edge E Drop, Edge Hub App Usage, Edge Workspace, Encryption Keys}
{"logTime": "0820/012841", "correlationVector":"dHkVBagSYinjSnqktXBaFl.1","action":"SyncServerConnectionManagerRequest", "result":"SYNC_SERVER_OK", "context":{"environment":"Prod_southeastasia_prod-s01-064-apac-southeastasia", "migrationStage":"NotStarted", "server":"akswtt003000021"}}
{"logTime": "0820/012841", "correlationVector":"dHkVBagSYinjSnqktXBaFl.2","action":"ProcessGetUpdates", "result":"Done", "context":{"dataType":"Sessions", "deleted":"0", "process_failed_to_decrypt":"0", "process_pending_decryption":"0", "process_success":"2", "total":"2"}}
{"logTime": "0820/012841", "correlationVector":"dHkVBagSYinjSnqktXBaFl.3","action":"ProcessGetUpdates", "result":"Done", "context":{"dataType":"Device Info", "deleted":"0", "process_failed_to_decrypt":"0", "process_pending_decryption":"0", "process_success":"1", "total":"1"}}
{"logTime": "0820/012841", "correlationVector":"dHkVBagSYinjSnqktXBaFl.4","action":"ProcessGetUpdates", "result":"Done", "context":{"dataType":"History", "deleted":"0", "process_failed_to_decrypt":"0", "process_pending_decryption":"0", "process_success":"1", "total":"1"}}
{"logTime": "0820/012841", "correlationVector":"dHkVBagSYinjSnqktXBaFl.5","action":"GetUpdates Response", "result":"Success", "context":Received 4 update(s). cV=dHkVBagSYinjSnqktXBaFl.0;server=akswtt003000021;cloudType=Consumer;environment=Prod_southeastasia_prod-s01-064-apac-southeastasia;migrationStage=NotStarted}
{"logTime": "0820/012841", "correlationVector":"DXWP28Li0GtIXtzuFoqMlJ","action":"Commit Request", "result":"", "context":Item count: 4
Contributing types: Sessions, History}
{"logTime": "0820/012843", "correlationVector":"DXWP28Li0GtIXtzuFoqMlJ.1","action":"SyncServerConnectionManagerRequest", "result":"SYNC_SERVER_OK", "context":{"environment":"Prod_southeastasia_prod-s01-064-apac-southeastasia", "migrationStage":"NotStarted", "server":"akswtt00300001a"}}
{"logTime": "0820/012843", "correlationVector":"DXWP28Li0GtIXtzuFoqMlJ.3","action":"Commit.Sessions", "result":"Success", "context":{"id":"c4530add-47a6-49d7-8b81-5ceae22579d5", "isDeleted":"true", "size":"0", "version":"1787189164569"}}
{"logTime": "0820/012843", "correlationVector":"DXWP28Li0GtIXtzuFoqMlJ.2","action":"Commit Response", "result":"Success", "context":Result: Success. cV=DXWP28Li0GtIXtzuFoqMlJ.0;server=akswtt00300001a;cloudType=Consumer;environment=Prod_southeastasia_prod-s01-064-apac-southeastasia;migrationStage=NotStarted}
{"logTime": "0820/013339", "correlationVector":"aMHQ8pkAJ7WYhJ6IzcNZDD.1","action":"SyncServerConnectionManagerRequest", "result":"SYNC_SERVER_OK", "context":{"environment":"Prod_southeastasia_prod-s01-064-apac-southeastasia", "migrationStage":"NotStarted", "server":"akswtt00300000i"}}
{"logTime": "0820/013339", "correlationVector":"aMHQ8pkAJ7WYhJ6IzcNZDD.2","action":"ProcessGetUpdates", "result":"Done", "context":{"dataType":"Encryption Keys", "deleted":"0", "process_failed_to_decrypt":"0", "process_pending_decryption":"0", "process_success":"1", "total":"1"}}
{"logTime": "0820/013340", "correlationVector":"L4ZOnXi3iMwhI8tfyZCOak","action":"SyncServerConnectionManagerRequest", "result":"SYNC_SERVER_OK", "context":{"environment":"", "migrationStage":"", "server":""}}
{"logTime": "0820/013340", "correlationVector":"L4ZOnXi3iMwhI8tfyZCOak.0","action":"EncryptionKeysFetcher.DownloadKeys:", "result":"Success", "context":Key count: 2, Last key timestamp: 2026-08-20T00:59:28Z}
{"logTime": "0820/013340", "correlationVector":"L4ZOnXi3iMwhI8tfyZCOak.1","action":"EncryptionKeysManager::SetEncryptionKeys:", "result":"Success", "context":Key names[2]:[Xr5f/jQb7t2d9+zHKJemdmz6Hxx0+gsBbglIgGvKKJ00cuDjw1Mc9eN0EPqjX3qgd580S1y6Vn1XZGCJEDWJNA==][lA+bt9msRqUC2M/ezx4Vvkkq/rTgVesPINcNEzOI/m7YigBCWtFsqFg0j7sznTINsboBMl+k45SiXKDjp80xrQ==]}
{"logTime": "0820/013340", "correlationVector":"L4ZOnXi3iMwhI8tfyZCOak.2","action":"EncryptionKeysManager::SetEncryptionKeysWithTimestamps:", "result":"Success", "context":Key timestamps[2]:[2025-08-31T01:16:09Z][2026-08-20T00:59:28Z]}
{"logTime": "0820/013340", "correlationVector":"aMHQ8pkAJ7WYhJ6IzcNZDD","action":"Initial GetUpdates", "result":"", "context":Reason: NEW_CLIENT. cV=aMHQ8pkAJ7WYhJ6IzcNZDD}
{"logTime": "0820/013340", "correlationVector":"aMHQ8pkAJ7WYhJ6IzcNZDD.3","action":"GetUpdates Response", "result":"Success", "context":Received 1 update(s). cV=aMHQ8pkAJ7WYhJ6IzcNZDD.0;server=akswtt00300000i;cloudType=Consumer;environment=Prod_southeastasia_prod-s01-064-apac-southeastasia;migrationStage=NotStarted}
{"logTime": "0820/013340", "correlationVector":"4wI/0pD6f1PrkFf1L3mSJn","action":"Initial GetUpdates", "result":"", "context":Reason: NEWLY_SUPPORTED_DATATYPE. cV=4wI/0pD6f1PrkFf1L3mSJn}
{"logTime": "0820/013340", "correlationVector":"4wI/0pD6f1PrkFf1L3mSJn.1","action":"SyncServerConnectionManagerRequest", "result":"SYNC_SERVER_OK", "context":{"environment":"Prod_southeastasia_prod-s01-064-apac-southeastasia", "migrationStage":"NotStarted", "server":"akswtt00300000y"}}
{"logTime": "0820/013340", "correlationVector":"4wI/0pD6f1PrkFf1L3mSJn.2","action":"ProcessGetUpdates", "result":"Done", "context":{"dataType":"Device Info", "deleted":"0", "process_failed_to_decrypt":"0", "process_pending_decryption":"0", "process_success":"3", "total":"3"}}
{"logTime": "0820/013340", "correlationVector":"4wI/0pD6f1PrkFf1L3mSJn.3","action":"GetUpdates Response", "result":"Success", "context":Received 3 update(s). cV=4wI/0pD6f1PrkFf1L3mSJn.0;server=akswtt00300000y;cloudType=Consumer;environment=Prod_southeastasia_prod-s01-064-apac-southeastasia;migrationStage=NotStarted}
{"logTime": "0820/013340", "correlationVector":"TYECNRKmrXTOJ9dkTBHBAL","action":"Initial GetUpdates", "result":"", "context":Reason: NEWLY_SUPPORTED_DATATYPE. cV=TYECNRKmrXTOJ9dkTBHBAL}
{"logTime": "0820/013341", "correlationVector":"TYECNRKmrXTOJ9dkTBHBAL.1","action":"SyncServerConnectionManagerRequest", "result":"SYNC_SERVER_OK", "context":{"environment":"Prod_southeastasia_prod-s01-064-apac-southeastasia", "migrationStage":"NotStarted", "server":"akswtt003000013"}}
{"logTime": "0820/013341", "correlationVector":"TYECNRKmrXTOJ9dkTBHBAL.2","action":"ProcessGetUpdates", "result":"Done", "context":{"dataType":"Bookmarks", "deleted":"0", "process_failed_to_decrypt":"0", "process_pending_decryption":"0", "process_success":"6", "total":"6"}}
{"logTime": "0820/013341", "correlationVector":"TYECNRKmrXTOJ9dkTBHBAL.3","action":"ProcessGetUpdates", "result":"Done", "context":{"dataType":"Preferences", "deleted":"0", "process_failed_to_decrypt":"0", "process_pending_decryption":"0", "process_success":"21", "total":"21"}}
{"logTime": "0820/013341", "correlationVector":"TYECNRKmrXTOJ9dkTBHBAL.4","action":"ProcessGetUpdates", "result":"Done", "context":{"dataType":"Autofill", "deleted":"0", "process_failed_to_decrypt":"0", "process_pending_decryption":"0", "process_success":"1", "total":"1"}}
{"logTime": "0820/013341", "correlationVector":"TYECNRKmrXTOJ9dkTBHBAL.5","action":"ProcessGetUpdates", "result":"Done", "context":{"dataType":"Sessions", "deleted":"2", "process_failed_to_decrypt":"0", "process_pending_decryption":"0", "process_success":"7", "total":"7"}}
{"logTime": "0820/013341", "correlationVector":"TYECNRKmrXTOJ9dkTBHBAL.6","action":"ProcessGetUpdates", "result":"Done", "context":{"dataType":"Edge Hub App Usage", "deleted":"0", "process_failed_to_decrypt":"0", "process_pending_decryption":"0", "process_success":"1", "total":"1"}}
{"logTime": "0820/013341", "correlationVector":"TYECNRKmrXTOJ9dkTBHBAL.7","action":"GetUpdates Response", "result":"Success", "context":Received 36 update(s). cV=TYECNRKmrXTOJ9dkTBHBAL.0;server=akswtt003000013;cloudType=Consumer;environment=Prod_southeastasia_prod-s01-064-apac-southeastasia;migrationStage=NotStarted}
{"logTime": "0820/013341", "correlationVector":"JDRdQWZjtnXa6wxRnW6uR3","action":"Initial GetUpdates", "result":"", "context":Reason: NEWLY_SUPPORTED_DATATYPE. cV=JDRdQWZjtnXa6wxRnW6uR3}
{"logTime": "0820/013342", "correlationVector":"JDRdQWZjtnXa6wxRnW6uR3.1","action":"SyncServerConnectionManagerRequest", "result":"SYNC_SERVER_OK", "context":{"environment":"Prod_southeastasia_prod-s01-064-apac-southeastasia", "migrationStage":"NotStarted", "server":"akswtt00300001b"}}
{"logTime": "0820/013342", "correlationVector":"JDRdQWZjtnXa6wxRnW6uR3.2","action":"ProcessGetUpdates", "result":"Done", "context":{"dataType":"History", "deleted":"0", "process_failed_to_decrypt":"0", "process_pending_decryption":"0", "process_success":"10", "total":"10"}}
{"logTime": "0820/013342", "correlationVector":"JDRdQWZjtnXa6wxRnW6uR3.3","action":"GetUpdates Response", "result":"Success", "context":Received 10 update(s). cV=JDRdQWZjtnXa6wxRnW6uR3.0;server=akswtt00300001b;cloudType=Consumer;environment=Prod_southeastasia_prod-s01-064-apac-southeastasia;migrationStage=NotStarted}
{"logTime": "0820/013342", "correlationVector":"mEyWeq8NTAQCNlzBYeLCXN","action":"Normal GetUpdate request", "result":"", "context":cV=mEyWeq8NTAQCNlzBYeLCXN
Nudged types: Sessions, Device Info
Refresh requested types: Bookmarks, Preferences, Passwords, Autofill Profiles, Autofill, Extensions, Sessions, Extension settings, History Delete Directives, Device Info, User Consents, Send Tab To Self, Web Apps, History, Saved Tab Group, WebAuthn Credentials, Edge E Drop, Edge Hub App Usage, Edge Workspace, Encryption Keys}
{"logTime": "0820/013343", "correlationVector":"mEyWeq8NTAQCNlzBYeLCXN.1","action":"SyncServerConnectionManagerRequest", "result":"SYNC_SERVER_OK", "context":{"environment":"Prod_southeastasia_prod-s01-064-apac-southeastasia", "migrationStage":"NotStarted", "server":"akswtt00300000w"}}
{"logTime": "0820/013343", "correlationVector":"mEyWeq8NTAQCNlzBYeLCXN.2","action":"GetUpdates Response", "result":"Success", "context":Received 0 update(s). cV=mEyWeq8NTAQCNlzBYeLCXN.0;server=akswtt00300000w;cloudType=Consumer;environment=Prod_southeastasia_prod-s01-064-apac-southeastasia;migrationStage=NotStarted}
{"logTime": "0820/013343", "correlationVector":"re3z2cJ/B8i//JPcvcO1Sl","action":"Commit Request", "result":"", "context":Item count: 3
Contributing types: Sessions, Device Info}
{"logTime": "0820/013344", "correlationVector":"re3z2cJ/B8i//JPcvcO1Sl.1","action":"SyncServerConnectionManagerRequest", "result":"SYNC_SERVER_OK", "context":{"environment":"Prod_southeastasia_prod-s01-064-apac-southeastasia", "migrationStage":"NotStarted", "server":"akswtt00300001a"}}
{"logTime": "0820/013344", "correlationVector":"re3z2cJ/B8i//JPcvcO1Sl.2","action":"Commit Response", "result":"Success", "context":Result: Success. cV=re3z2cJ/B8i//JPcvcO1Sl.0;server=akswtt00300001a;cloudType=Consumer;environment=Prod_southeastasia_prod-s01-064-apac-southeastasia;migrationStage=NotStarted}
{"logTime": "0820/013345", "correlationVector":"ShrTvbgzbbM/+8G6LrSmWO","action":"Commit Request", "result":"", "context":Item count: 2
Contributing types: Sessions, History}
{"logTime": "0820/013346", "correlationVector":"ShrTvbgzbbM/+8G6LrSmWO.1","action":"SyncServerConnectionManagerRequest", "result":"SYNC_SERVER_OK", "context":{"environment":"Prod_southeastasia_prod-s01-064-apac-southeastasia", "migrationStage":"NotStarted", "server":"akswtt00300001e"}}
{"logTime": "0820/013346", "correlationVector":"ShrTvbgzbbM/+8G6LrSmWO.2","action":"Commit Response", "result":"Success", "context":Result: Success. cV=ShrTvbgzbbM/+8G6LrSmWO.0;server=akswtt00300001e;cloudType=Consumer;environment=Prod_southeastasia_prod-s01-064-apac-southeastasia;migrationStage=NotStarted}
